// Jest Snapshot v1, https://goo.gl/fbAQLP

exports[`LabelValue matches snapshot 1`] = `
<div>
  <div
    class="MuiGrid-root MuiGrid-container MuiGrid-spacing-xs-1 MuiGrid-item MuiGrid-align-items-xs-baseline"
  >
    <div
      class="MuiGrid-root MuiGrid-item"
    >
      <p
        class="MuiTypography-root MuiTypography-body1 MuiTypography-colorTextSecondary"
      >
        test
        :
      </p>
    </div>
    <div
      class="MuiGrid-root MuiGrid-item"
    >
      <p
        class="MuiTypography-root MuiTypography-body2"
      >
        value
      </p>
    </div>
  </div>
</div>
`;
