// Jest Snapshot v1, https://goo.gl/fbAQLP

exports[`components templates Page should render Page with the provided title and children 1`] = `
.c0 {
  display: -webkit-box;
  display: -webkit-flex;
  display: -ms-flexbox;
  display: flex;
  -webkit-flex-direction: column;
  -ms-flex-direction: column;
  flex-direction: column;
  -webkit-align-items: stretch;
  -webkit-box-align: stretch;
  -ms-flex-align: stretch;
  align-items: stretch;
  -webkit-box-pack: center;
  -webkit-justify-content: center;
  -ms-flex-pack: center;
  justify-content: center;
  -webkit-flex: 1;
  -ms-flex: 1;
  flex: 1;
}

.c1 {
  display: -webkit-box;
  display: -webkit-flex;
  display: -ms-flexbox;
  display: flex;
  -webkit-flex-direction: column;
  -ms-flex-direction: column;
  flex-direction: column;
  -webkit-align-items: center;
  -webkit-box-align: center;
  -ms-flex-align: center;
  align-items: center;
  -webkit-box-pack: center;
  -webkit-justify-content: center;
  -ms-flex-pack: center;
  justify-content: center;
  -webkit-flex: inherit;
  -ms-flex: inherit;
  flex: inherit;
}

.c2 {
  padding: 16px;
  -webkit-box-pack: stretch;
  -webkit-justify-content: stretch;
  -ms-flex-pack: stretch;
  justify-content: stretch;
  -webkit-align-items: stretch;
  -webkit-box-align: stretch;
  -ms-flex-align: stretch;
  align-items: stretch;
}

<div
  className="c0"
>
  <div
    className="c1 c2"
  >
    <h3>
      An random h1 title
    </h3>
  </div>
</div>
`;
